00:24:19  INFO      Session log: session_20260606_002419.log
00:24:19  INFO      =======================================================
00:24:19  INFO      NOVA STARTING UP
00:24:19  INFO      =======================================================
00:24:19  INFO      [Voice] Calibrating microphone...
00:24:20  INFO      [TTS] Worker thread started.
00:24:32  INFO      [Voice] Heard: open whatsapp
00:24:32  INFO      [Router] NOVA → open whatsapp
00:24:47  INFO      [Voice] Heard: open powerpoint
00:24:47  INFO      [Router] NOVA → open powerpoint
00:25:39  INFO      [Voice] Heard: volume
00:25:45  INFO      [Voice] Heard: volume up
00:25:45  INFO      [Router] NOVA → volume up
00:25:52  INFO      [Voice] Heard: set volume to 50
00:25:52  INFO      [Router] NOVA → set volume to 50
00:26:00  INFO      [Voice] Heard: set volume to 100
00:26:00  INFO      [Router] NOVA → set volume to 100
00:26:37  INFO      [Voice] Heard: open calculator
00:26:37  INFO      [Router] NOVA → open calculator
00:26:47  INFO      [Voice] Heard: open paint
00:26:47  INFO      [Router] NOVA → open paint
00:26:56  INFO      [Voice] Heard: open word
00:26:56  INFO      [Router] NOVA → open word
00:27:03  INFO      [Voice] Heard: open excel
00:27:03  INFO      [Router] NOVA → open excel
00:27:09  INFO      [Voice] Heard: open file explorer
00:27:09  INFO      [Router] NOVA → open file explorer
00:27:22  INFO      [Voice] Heard: open vs code
00:27:22  INFO      [Router] NOVA → open vs code
00:27:34  INFO      [Voice] Heard: open task manager
00:27:34  INFO      [Router] NOVA → open task manager
00:27:44  INFO      [Voice] Heard: open camera
00:27:44  INFO      [Router] NOVA → open camera
00:27:54  INFO      [Voice] Heard: open settings
00:27:54  INFO      [Router] NOVA → open settings
00:28:01  INFO      [Voice] Heard: open chrome
00:28:01  INFO      [Router] NOVA → open chrome
00:28:07  INFO      [Voice] Heard: open brave
00:28:07  INFO      [Router] NOVA → open brave
00:28:17  INFO      [Voice] Heard: open discord
00:28:17  INFO      [Router] NOVA → open discord
00:28:24  INFO      [Voice] Heard: open spotify
00:28:24  INFO      [Router] NOVA → open spotify
