00:35:02  INFO      Session log: session_20260606_003502.log
00:35:02  INFO      =======================================================
00:35:02  INFO      NOVA STARTING UP
00:35:02  INFO      =======================================================
00:35:02  INFO      [Voice] Calibrating microphone...
00:35:03  INFO      [TTS] Worker thread started.
00:35:15  INFO      [Voice] Heard: open whatsapp
00:35:15  INFO      [Router] NOVA → open whatsapp
00:35:25  INFO      [Voice] Heard: open powerpoint
00:35:25  INFO      [Router] NOVA → open powerpoint
00:35:32  INFO      [Voice] Heard: open world
00:35:32  INFO      [Router] NOVA → open world
00:35:35  INFO      [System] Opened via Windows search: world
00:35:51  INFO      [Voice] Heard: open local send
00:35:51  INFO      [Router] NOVA → open local send
00:36:03  INFO      [Voice] Heard: open xbox
00:36:03  INFO      [Router] NOVA → open xbox
00:36:06  INFO      [System] Opened via Windows search: xbox
00:36:49  INFO      [Voice] Heard: open vintage
00:36:49  INFO      [Router] NOVA → open vintage
00:36:52  INFO      [System] Opened via Windows search: vintage
00:37:05  INFO      [Voice] Heard: open vintage
00:37:05  INFO      [Router] NOVA → open vintage
00:37:08  INFO      [System] Opened via Windows search: vintage
00:37:19  INFO      [Voice] Heard: open spotify
00:37:19  INFO      [Router] NOVA → open spotify
00:37:36  INFO      [Voice] Heard: open chat gpt
00:37:36  INFO      [Router] NOVA → open chat gpt
00:37:40  INFO      [System] Opened via Windows search: chat gpt
00:37:47  INFO      [Voice] Heard: open chat gpt
00:37:47  INFO      [Router] NOVA → open chat gpt
00:37:50  INFO      [System] Opened via Windows search: chat gpt
00:37:58  INFO      [Voice] Heard: open chachi video
00:37:58  INFO      [Router] NOVA → open chachi video
00:38:02  INFO      [System] Opened via Windows search: chachi video
00:38:10  INFO      [Voice] Heard: open chat
00:38:10  INFO      [Router] NOVA → open chat
00:38:13  INFO      [System] Opened via Windows search: chat
00:38:35  INFO      [Voice] Heard: open vivaldi
00:38:35  INFO      [Router] NOVA → open vivaldi
00:38:38  INFO      [System] Opened via Windows search: vivaldi
00:39:19  INFO      [Voice] Heard: open word
00:39:19  INFO      [Router] NOVA → open word
00:39:37  INFO      [Voice] Heard: open file explorer
00:39:37  INFO      [Router] NOVA → open file explorer
00:40:20  INFO      [Voice] Heard: open chat gpt
00:40:20  INFO      [Router] NOVA → open chat gpt
00:40:23  INFO      [System] Opened via Windows search: chat gpt
00:40:33  INFO      [Voice] Heard: open chat jpt
00:40:33  INFO      [Router] NOVA → open chat jpt
00:40:36  INFO      [System] Opened via Windows search: chat jpt
00:40:40  INFO      [Voice] Heard: open chat gpt
00:40:40  INFO      [Router] NOVA → open chat gpt
00:40:44  INFO      [System] Opened via Windows search: chat gpt
00:41:03  INFO      [Voice] Heard: open perplexity
00:41:03  INFO      [Router] NOVA → open perplexity
00:41:06  INFO      [System] Opened via Windows search: perplexity
00:41:22  INFO      [Voice] Heard: open perplexity
00:41:22  INFO      [Router] NOVA → open perplexity
00:41:26  INFO      [System] Opened via Windows search: perplexity
00:41:43  INFO      [Voice] Heard: open co pilot
00:41:43  INFO      [Router] NOVA → open co pilot
00:41:46  INFO      [System] Opened via Windows search: co pilot
00:42:01  INFO      [Voice] Heard: open hill climb racing
00:42:01  INFO      [Router] NOVA → open hill climb racing
00:42:05  INFO      [System] Opened via Windows search: hill climb racing
00:42:32  INFO      [Voice] Heard: open minecraft
00:42:32  INFO      [Router] NOVA → open minecraft
00:42:36  INFO      [System] Opened via Windows search: minecraft
00:43:23  INFO      [Voice] Heard: open olama
00:43:23  INFO      [Router] NOVA → open olama
00:43:26  INFO      [System] Opened via Windows search: olama
00:44:05  INFO      [Voice] Heard: message ag are you available today
00:44:05  INFO      [Router] NOVA → message ag are you available today
00:45:02  INFO      [Voice] Heard: open file explorer
00:45:02  INFO      [Router] NOVA → open file explorer
